---------Iteration No: 1-------

Dhrystone Benchmark, Version C, Version 2.2a
Program compiled without 'register' attribute
Using times(), HZ=100

Trying 50000 runs: too few
Trying 500000 runs: too few
Trying 5000000 runs: too few
Trying 50000000 runs: 
Microseconds for one run through Dhrystone:       0.20 
Dhrystones per Second:                         4897160 

---------Iteration No: 2-------

Dhrystone Benchmark, Version C, Version 2.2a
Program compiled without 'register' attribute
Using times(), HZ=100

Trying 50000 runs: too few
Trying 500000 runs: too few
Trying 5000000 runs: too few
Trying 50000000 runs: 
Microseconds for one run through Dhrystone:       0.18 
Dhrystones per Second:                         5580357 

---------Iteration No: 3-------

Dhrystone Benchmark, Version C, Version 2.2a
Program compiled without 'register' attribute
Using times(), HZ=100

Trying 50000 runs: too few
Trying 500000 runs: too few
Trying 5000000 runs: too few
Trying 50000000 runs: 
Microseconds for one run through Dhrystone:       0.18 
Dhrystones per Second:                         5458516 

---------Iteration No: 4-------

Dhrystone Benchmark, Version C, Version 2.2a
Program compiled without 'register' attribute
Using times(), HZ=100

Trying 50000 runs: too few
Trying 500000 runs: too few
Trying 5000000 runs: too few
Trying 50000000 runs: 
Microseconds for one run through Dhrystone:       0.18 
Dhrystones per Second:                         5440696 

---------Iteration No: 5-------

Dhrystone Benchmark, Version C, Version 2.2a
Program compiled without 'register' attribute
Using times(), HZ=100

Trying 50000 runs: too few
Trying 500000 runs: too few
Trying 5000000 runs: too few
Trying 50000000 runs: 
Microseconds for one run through Dhrystone:       0.18 
Dhrystones per Second:                         5518764 

---------Iteration No: 6-------

Dhrystone Benchmark, Version C, Version 2.2a
Program compiled without 'register' attribute
Using times(), HZ=100

Trying 50000 runs: too few
Trying 500000 runs: too few
Trying 5000000 runs: too few
Trying 50000000 runs: 
Microseconds for one run through Dhrystone:       0.18 
Dhrystones per Second:                         5543238 

---------Iteration No: 7-------

Dhrystone Benchmark, Version C, Version 2.2a
Program compiled without 'register' attribute
Using times(), HZ=100

Trying 50000 runs: too few
Trying 500000 runs: too few
Trying 5000000 runs: too few
Trying 50000000 runs: 
Microseconds for one run through Dhrystone:       0.20 
Dhrystones per Second:                         4878049 

---------Iteration No: 8-------

Dhrystone Benchmark, Version C, Version 2.2a
Program compiled without 'register' attribute
Using times(), HZ=100

Trying 50000 runs: too few
Trying 500000 runs: too few
Trying 5000000 runs: too few
Trying 50000000 runs: 
Microseconds for one run through Dhrystone:       0.18 
Dhrystones per Second:                         5470460 

---------Iteration No: 9-------

Dhrystone Benchmark, Version C, Version 2.2a
Program compiled without 'register' attribute
Using times(), HZ=100

Trying 50000 runs: too few
Trying 500000 runs: too few
Trying 5000000 runs: too few
Trying 50000000 runs: 
Microseconds for one run through Dhrystone:       0.21 
Dhrystones per Second:                         4859086 

---------Iteration No: 10-------

Dhrystone Benchmark, Version C, Version 2.2a
Program compiled without 'register' attribute
Using times(), HZ=100

Trying 50000 runs: too few
Trying 500000 runs: too few
Trying 5000000 runs: too few
Trying 50000000 runs: 
Microseconds for one run through Dhrystone:       0.19 
Dhrystones per Second:                         5263158 

