---------Iteration No: 1-------

Dhrystone Benchmark, Version C, Version 2.2a
Program compiled without 'register' attribute
Using times(), HZ=100

Trying 50000 runs: too few
Trying 500000 runs: too few
Trying 5000000 runs: too few
Trying 50000000 runs: 
Microseconds for one run through Dhrystone:       0.07 
Dhrystones per Second:                        14749263 

---------Iteration No: 2-------

Dhrystone Benchmark, Version C, Version 2.2a
Program compiled without 'register' attribute
Using times(), HZ=100

Trying 50000 runs: too few
Trying 500000 runs: too few
Trying 5000000 runs: too few
Trying 50000000 runs: 
Microseconds for one run through Dhrystone:       0.07 
Dhrystones per Second:                        14836795 

---------Iteration No: 3-------

Dhrystone Benchmark, Version C, Version 2.2a
Program compiled without 'register' attribute
Using times(), HZ=100

Trying 50000 runs: too few
Trying 500000 runs: too few
Trying 5000000 runs: too few
Trying 50000000 runs: 
Microseconds for one run through Dhrystone:       0.07 
Dhrystones per Second:                        14367816 

---------Iteration No: 4-------

Dhrystone Benchmark, Version C, Version 2.2a
Program compiled without 'register' attribute
Using times(), HZ=100

Trying 50000 runs: too few
Trying 500000 runs: too few
Trying 5000000 runs: too few
Trying 50000000 runs: 
Microseconds for one run through Dhrystone:       0.07 
Dhrystones per Second:                        14285714 

---------Iteration No: 5-------

Dhrystone Benchmark, Version C, Version 2.2a
Program compiled without 'register' attribute
Using times(), HZ=100

Trying 50000 runs: too few
Trying 500000 runs: too few
Trying 5000000 runs: too few
Trying 50000000 runs: 
Microseconds for one run through Dhrystone:       0.07 
Dhrystones per Second:                        14880952 

---------Iteration No: 6-------

Dhrystone Benchmark, Version C, Version 2.2a
Program compiled without 'register' attribute
Using times(), HZ=100

Trying 50000 runs: too few
Trying 500000 runs: too few
Trying 5000000 runs: too few
Trying 50000000 runs: 
Microseconds for one run through Dhrystone:       0.07 
Dhrystones per Second:                        14792899 

---------Iteration No: 7-------

Dhrystone Benchmark, Version C, Version 2.2a
Program compiled without 'register' attribute
Using times(), HZ=100

Trying 50000 runs: too few
Trying 500000 runs: too few
Trying 5000000 runs: too few
Trying 50000000 runs: 
Microseconds for one run through Dhrystone:       0.07 
Dhrystones per Second:                        14880952 

---------Iteration No: 8-------

Dhrystone Benchmark, Version C, Version 2.2a
Program compiled without 'register' attribute
Using times(), HZ=100

Trying 50000 runs: too few
Trying 500000 runs: too few
Trying 5000000 runs: too few
Trying 50000000 runs: 
Microseconds for one run through Dhrystone:       0.07 
Dhrystones per Second:                        14245014 

---------Iteration No: 9-------

Dhrystone Benchmark, Version C, Version 2.2a
Program compiled without 'register' attribute
Using times(), HZ=100

Trying 50000 runs: too few
Trying 500000 runs: too few
Trying 5000000 runs: too few
Trying 50000000 runs: 
Microseconds for one run through Dhrystone:       0.07 
Dhrystones per Second:                        14970060 

---------Iteration No: 10-------

Dhrystone Benchmark, Version C, Version 2.2a
Program compiled without 'register' attribute
Using times(), HZ=100

Trying 50000 runs: too few
Trying 500000 runs: too few
Trying 5000000 runs: too few
Trying 50000000 runs: 
Microseconds for one run through Dhrystone:       0.07 
Dhrystones per Second:                        14880952 

