---------Iteration No: 1-------

Dhrystone Benchmark, Version C, Version 2.2a
Program compiled without 'register' attribute
Using times(), HZ=100

Trying 50000 runs: too few
Trying 500000 runs: too few
Trying 5000000 runs: too few
Trying 50000000 runs: 
Microseconds for one run through Dhrystone:       0.05 
Dhrystones per Second:                        19841270 

---------Iteration No: 2-------

Dhrystone Benchmark, Version C, Version 2.2a
Program compiled without 'register' attribute
Using times(), HZ=100

Trying 50000 runs: too few
Trying 500000 runs: too few
Trying 5000000 runs: too few
Trying 50000000 runs: 
Microseconds for one run through Dhrystone:       0.05 
Dhrystones per Second:                        20242914 

---------Iteration No: 3-------

Dhrystone Benchmark, Version C, Version 2.2a
Program compiled without 'register' attribute
Using times(), HZ=100

Trying 50000 runs: too few
Trying 500000 runs: too few
Trying 5000000 runs: too few
Trying 50000000 runs: 
Microseconds for one run through Dhrystone:       0.05 
Dhrystones per Second:                        20576132 

---------Iteration No: 4-------

Dhrystone Benchmark, Version C, Version 2.2a
Program compiled without 'register' attribute
Using times(), HZ=100

Trying 50000 runs: too few
Trying 500000 runs: too few
Trying 5000000 runs: too few
Trying 50000000 runs: 
Microseconds for one run through Dhrystone:       0.05 
Dhrystones per Second:                        20408164 

---------Iteration No: 5-------

Dhrystone Benchmark, Version C, Version 2.2a
Program compiled without 'register' attribute
Using times(), HZ=100

Trying 50000 runs: too few
Trying 500000 runs: too few
Trying 5000000 runs: too few
Trying 50000000 runs: 
Microseconds for one run through Dhrystone:       0.05 
Dhrystones per Second:                        20491804 

---------Iteration No: 6-------

Dhrystone Benchmark, Version C, Version 2.2a
Program compiled without 'register' attribute
Using times(), HZ=100

Trying 50000 runs: too few
Trying 500000 runs: too few
Trying 5000000 runs: too few
Trying 50000000 runs: 
Microseconds for one run through Dhrystone:       0.05 
Dhrystones per Second:                        19762846 

---------Iteration No: 7-------

Dhrystone Benchmark, Version C, Version 2.2a
Program compiled without 'register' attribute
Using times(), HZ=100

Trying 50000 runs: too few
Trying 500000 runs: too few
Trying 5000000 runs: too few
Trying 50000000 runs: 
Microseconds for one run through Dhrystone:       0.05 
Dhrystones per Second:                        20325204 

---------Iteration No: 8-------

Dhrystone Benchmark, Version C, Version 2.2a
Program compiled without 'register' attribute
Using times(), HZ=100

Trying 50000 runs: too few
Trying 500000 runs: too few
Trying 5000000 runs: too few
Trying 50000000 runs: 
Microseconds for one run through Dhrystone:       0.05 
Dhrystones per Second:                        20576132 

---------Iteration No: 9-------

Dhrystone Benchmark, Version C, Version 2.2a
Program compiled without 'register' attribute
Using times(), HZ=100

Trying 50000 runs: too few
Trying 500000 runs: too few
Trying 5000000 runs: too few
Trying 50000000 runs: 
Microseconds for one run through Dhrystone:       0.05 
Dhrystones per Second:                        20661158 

---------Iteration No: 10-------

Dhrystone Benchmark, Version C, Version 2.2a
Program compiled without 'register' attribute
Using times(), HZ=100

Trying 50000 runs: too few
Trying 500000 runs: too few
Trying 5000000 runs: too few
Trying 50000000 runs: 
Microseconds for one run through Dhrystone:       0.05 
Dhrystones per Second:                        20408164 

