sum = 1069547520
ITLB:
   Load Hits:        31723742
   Load Misses:           110
   Load Accesses:    31723852
   Load Miss Rate:      0.00%

  Store Hits:               0
  Store Misses:             0
  Store Accesses:           0
  Store Miss Rate:       nan%

  Total Hits:        31723742
  Total Misses:           110
  Total Accesses:    31723852
  Total Miss Rate:      0.00%
  Flushes:                  0
  Stat Resets:              0

DTLB:
   Load Hits:         2149383
   Load Misses:       1057015
   Load Accesses:     3206398
   Load Miss Rate:     32.97%

  Store Hits:               0
  Store Misses:             0
  Store Accesses:           0
  Store Miss Rate:       nan%

  Total Hits:         2149383
  Total Misses:       1057015
  Total Accesses:     3206398
  Total Miss Rate:     32.97%
  Flushes:                  0
  Stat Resets:              0

L1 Instruction Cache:
   Load Hits:        31721851
   Load Misses:          2001
   Load Accesses:    31723852
   Load Miss Rate:      0.01%

  Store Hits:               0
  Store Misses:             0
  Store Accesses:           0
  Store Miss Rate:       nan%

  Total Hits:        31721851
  Total Misses:          2001
  Total Accesses:    31723852
  Total Miss Rate:      0.01%
  Flushes:                  0
  Stat Resets:              0

L1 Data Cache:
   Load Hits:          566750
   Load Misses:       1577753
   Load Accesses:     2144503
   Load Miss Rate:     73.57%

  Store Hits:            9426
  Store Misses:       1052469
  Store Accesses:     1061895
  Store Miss Rate:     99.11%

  Total Hits:          576176
  Total Misses:       2630222
  Total Accesses:     3206398
  Total Miss Rate:     82.03%
  Flushes:                  0
  Stat Resets:              0

L2 Unified Cache:
   Load Hits:          265457
   Load Misses:       1314297
   Load Accesses:     1579754
   Load Miss Rate:     83.20%

  Store Hits:          789720
  Store Misses:        262749
  Store Accesses:     1052469
  Store Miss Rate:     24.97%

  Total Hits:         1055177
  Total Misses:       1577046
  Total Accesses:     2632223
  Total Miss Rate:     59.91%
  Flushes:                  0
  Stat Resets:              0

L3 Unified Cache:
   Load Hits:         1310731
   Load Misses:          3566
   Load Accesses:     1314297
   Load Miss Rate:      0.27%

  Store Hits:               1
  Store Misses:        262748
  Store Accesses:      262749
  Store Miss Rate:    100.00%

  Total Hits:         1310732
  Total Misses:        266314
  Total Accesses:     1577046
  Total Miss Rate:     16.89%
  Flushes:                  0
  Stat Resets:              0

